MPLINK 4.49, Linker
Linker Map File - Created Fri Apr 16 04:05:33 2021

                                 Section Info
                  Section       Type    Address   Location Size(Bytes)
                ---------  ---------  ---------  ---------  ---------
                   .org_0       code   0x000000    program   0x000000
                   .org_1       code   0x000000    program   0x000004
                   .org_2       code   0x000008    program   0x000002
                   .org_3       code   0x000018    program   0x0005ee



                              Program Memory Usage 
                               Start         End      
                           ---------   ---------      
                            0x000000    0x000003      
                            0x000008    0x000009      
                            0x000018    0x000605      
            1524 out of 33048 program addresses used, program memory utilization is 4%



                              Symbols - Sorted by Name
                     Name    Address   Location    Storage File                     
                ---------  ---------  ---------  --------- ---------                
                   again1   0x00001e    program     static C:\Users\Harriey\School Works\final project\final.asm
                   again2   0x000022    program     static C:\Users\Harriey\School Works\final project\final.asm
                   again3   0x000052    program     static C:\Users\Harriey\School Works\final project\final.asm
                   again4   0x000056    program     static C:\Users\Harriey\School Works\final project\final.asm
                   again5   0x000252    program     static C:\Users\Harriey\School Works\final project\final.asm
                   again6   0x000256    program     static C:\Users\Harriey\School Works\final project\final.asm
                  checkn0   0x0005e8    program     static C:\Users\Harriey\School Works\final project\final.asm
                  checkn1   0x0004da    program     static C:\Users\Harriey\School Works\final project\final.asm
                  checkn2   0x0004f8    program     static C:\Users\Harriey\School Works\final project\final.asm
                  checkn3   0x000516    program     static C:\Users\Harriey\School Works\final project\final.asm
                  checkn4   0x000534    program     static C:\Users\Harriey\School Works\final project\final.asm
                  checkn5   0x000552    program     static C:\Users\Harriey\School Works\final project\final.asm
                  checkn6   0x000570    program     static C:\Users\Harriey\School Works\final project\final.asm
                  checkn7   0x00058e    program     static C:\Users\Harriey\School Works\final project\final.asm
                  checkn8   0x0005ac    program     static C:\Users\Harriey\School Works\final project\final.asm
                  checkn9   0x0005ca    program     static C:\Users\Harriey\School Works\final project\final.asm
                    delay   0x00001a    program     static C:\Users\Harriey\School Works\final project\final.asm
                   delay1   0x00004e    program     static C:\Users\Harriey\School Works\final project\final.asm
                   delay2   0x00024e    program     static C:\Users\Harriey\School Works\final project\final.asm
                  lcd_clr   0x00046a    program     static C:\Users\Harriey\School Works\final project\final.asm
                    line2   0x000474    program     static C:\Users\Harriey\School Works\final project\final.asm
                   setupA   0x00049a    program     static C:\Users\Harriey\School Works\final project\final.asm
                   setupB   0x0004a4    program     static C:\Users\Harriey\School Works\final project\final.asm
                   setupC   0x0004ae    program     static C:\Users\Harriey\School Works\final project\final.asm
                   setupD   0x0004b8    program     static C:\Users\Harriey\School Works\final project\final.asm
                    show0   0x00048c    program     static C:\Users\Harriey\School Works\final project\final.asm
                    show1   0x00047e    program     static C:\Users\Harriey\School Works\final project\final.asm
                    start   0x0004c2    program     static C:\Users\Harriey\School Works\final project\final.asm
                     wcmd   0x00044e    program     static C:\Users\Harriey\School Works\final project\final.asm
                    wdata   0x00045c    program     static C:\Users\Harriey\School Works\final project\final.asm



                              Symbols - Sorted by Address
                     Name    Address   Location    Storage File                     
                ---------  ---------  ---------  --------- ---------                
                    delay   0x00001a    program     static C:\Users\Harriey\School Works\final project\final.asm
                   again1   0x00001e    program     static C:\Users\Harriey\School Works\final project\final.asm
                   again2   0x000022    program     static C:\Users\Harriey\School Works\final project\final.asm
                   delay1   0x00004e    program     static C:\Users\Harriey\School Works\final project\final.asm
                   again3   0x000052    program     static C:\Users\Harriey\School Works\final project\final.asm
                   again4   0x000056    program     static C:\Users\Harriey\School Works\final project\final.asm
                   delay2   0x00024e    program     static C:\Users\Harriey\School Works\final project\final.asm
                   again5   0x000252    program     static C:\Users\Harriey\School Works\final project\final.asm
                   again6   0x000256    program     static C:\Users\Harriey\School Works\final project\final.asm
                     wcmd   0x00044e    program     static C:\Users\Harriey\School Works\final project\final.asm
                    wdata   0x00045c    program     static C:\Users\Harriey\School Works\final project\final.asm
                  lcd_clr   0x00046a    program     static C:\Users\Harriey\School Works\final project\final.asm
                    line2   0x000474    program     static C:\Users\Harriey\School Works\final project\final.asm
                    show1   0x00047e    program     static C:\Users\Harriey\School Works\final project\final.asm
                    show0   0x00048c    program     static C:\Users\Harriey\School Works\final project\final.asm
                   setupA   0x00049a    program     static C:\Users\Harriey\School Works\final project\final.asm
                   setupB   0x0004a4    program     static C:\Users\Harriey\School Works\final project\final.asm
                   setupC   0x0004ae    program     static C:\Users\Harriey\School Works\final project\final.asm
                   setupD   0x0004b8    program     static C:\Users\Harriey\School Works\final project\final.asm
                    start   0x0004c2    program     static C:\Users\Harriey\School Works\final project\final.asm
                  checkn1   0x0004da    program     static C:\Users\Harriey\School Works\final project\final.asm
                  checkn2   0x0004f8    program     static C:\Users\Harriey\School Works\final project\final.asm
                  checkn3   0x000516    program     static C:\Users\Harriey\School Works\final project\final.asm
                  checkn4   0x000534    program     static C:\Users\Harriey\School Works\final project\final.asm
                  checkn5   0x000552    program     static C:\Users\Harriey\School Works\final project\final.asm
                  checkn6   0x000570    program     static C:\Users\Harriey\School Works\final project\final.asm
                  checkn7   0x00058e    program     static C:\Users\Harriey\School Works\final project\final.asm
                  checkn8   0x0005ac    program     static C:\Users\Harriey\School Works\final project\final.asm
                  checkn9   0x0005ca    program     static C:\Users\Harriey\School Works\final project\final.asm
                  checkn0   0x0005e8    program     static C:\Users\Harriey\School Works\final project\final.asm


